
> kingpropertyauction@1.0.0 build
> vite build

[36mvite v6.3.5 [32mbuilding for production...[36m[39m
transforming...
[32mΓ£ô[39m 2932 modules transformed.
rendering chunks...
node.exe : [33m[plugin vite:reporter] 
At C:\Users\muham\AppData\Roaming\npm\npm.ps1:24 char:5
+     & "node$exe"  "$basedir/node_modules/npm/bin/npm-cli.js" $args
+     ~~~~~~~~~~~~~~~~~~~~~~~~~~~~~~~~~~~~~~~~~~~~~~~~~~~~~~~~~~~~~~
    + CategoryInfo          : NotSpecified: ([33m[plugin vite:reporter] :String) [], RemoteException
    + FullyQualifiedErrorId : NativeCommandError
 
(!) C:/Users/muham/Desktop/Kingpropertyauction/node_modules/socket.io-client/build/esm/index.js is dynamically 
imported by C:/Users/muham/Desktop/Kingpropertyauction/src/features/shared/components/AIChatWidget.tsx but also 
statically imported by C:/Users/muham/Desktop/Kingpropertyauction/src/lib/useSocket.ts, dynamic import will not 
move module into another chunk.
[39m
computing gzip size...
[2mdist/[22m[32mindex.html                        [39m[1m[2m    0.48 kB[22m[1m[22m[2m Γöé gzip:   0.31 kB[22m
[2mdist/[22m[32massets/slick-BlzDm7g2.svg         [39m[1m[2m    2.15 kB[22m[1m[22m[2m Γöé gzip:   0.91 kB[22m
[2mdist/[22m[32massets/ajax-loader-BcnMEykj.gif   [39m[1m[2m    4.18 kB[22m[1m[22m
[2mdist/[22m[35massets/index-CTe0ePlw.css         [39m[1m[2m  220.89 kB[22m[1m[22m[2m Γöé gzip:  28.21 kB[22m
[2mdist/[22m[36massets/EditAuction-BLe-J2of.js    [39m[1m[2m    1.17 kB[22m[1m[22m[2m Γöé gzip:   0.57 kB[22m
[2mdist/[22m[36massets/AdminProfile-CvwpgDck.js   [39m[1m[2m    6.30 kB[22m[1m[22m[2m Γöé gzip:   1.66 kB[22m
[2mdist/[22m[36massets/Bids-B6O2vE4Q.js           [39m[1m[2m    8.20 kB[22m[1m[22m[2m Γöé gzip:   2.34 kB[22m
[2mdist/[22m[36massets/AuctionDetail-CPhMiI8j.js  [39m[1m[2m   20.82 kB[22m[1m[22m[2m Γöé gzip:   5.74 kB[22m
[2mdist/[22m[36massets/EditProperty-Bu7KmXyw.js   [39m[1m[2m   31.53 kB[22m[1m[22m[2m Γöé gzip:   5.88 kB[22m
[2mdist/[22m[36massets/index-CZBbdXeQ.js          [39m[1m[33m2,022.54 kB[39m[22m[2m Γöé gzip: 471.29 kB[22m
[33m
(!) Some chunks are larger than 500 kB after minification. Consider:
- Using dynamic import() to code-split the application
- Use build.rollupOptions.output.manualChunks to improve chunking: 
https://rollupjs.org/configuration-options/#output-manualchunks
- Adjust chunk size limit for this warning via build.chunkSizeWarningLimit.[39m
[32mΓ£ô built in 20.95s[39m
